#### Labels
getChar          = 0x8020
getChar_wait     = 0x8020
initSerial       = 0x8011
initWait1        = 0x8017
initWait2        = 0x801D
mainLoop         = 0x8006
sendChar         = 0x8029
sendChar_wait    = 0x802A

#### Defines
SER_CR           = 0x0080
SER_CR_7E1       = 0x0008
SER_CR_7E2       = 0x0000
SER_CR_7O1       = 0x000C
SER_CR_7O2       = 0x0004
SER_CR_8E1       = 0x0018
SER_CR_8N1       = 0x0014
SER_CR_8N2       = 0x0010
SER_CR_8O2       = 0x001C
SER_CR_BY_1      = 0x0000
SER_CR_BY_16     = 0x0001
SER_CR_BY_64     = 0x0002
SER_CR_RESET     = 0x0003
SER_CR_RTShigh_TXIoff = 0x0002
SER_CR_RTSlow_TXIoff = 0x0000
SER_CR_RTSlow_TXIoff_BRK = 0x0003
SER_CR_RTSlow_TXIon = 0x0001
SER_CR_RXI_Enable = 0x0080
SER_RX           = 0x0081
SER_SR           = 0x0080
SER_SR_CTS       = 0x0008
SER_SR_DCD       = 0x0004
SER_SR_FE        = 0x0010
SER_SR_IRQ       = 0x0080
SER_SR_OVRN      = 0x0020
SER_SR_PE        = 0x0040
SER_SR_RDFR      = 0x0001
SER_SR_TDRE      = 0x0002
SER_TX           = 0x0081
_CPU             = Z80

                  ._CPU = Z80
                  
                  ; http://www.vcfed.org/forum/archive/index.php/t-52356.html
                  
                  ; The master reset (CR0, CR1) must be set immediately after powerup.
                  ; CR5 and CR6 should be programmed to define the state of RTS when later master resets are given
                  
                  ;  CS0 -> M1
                  ;  CS1 -> A7
                  ; -CS2 -> A6
                  ;  RS  -> A0
                  
                  ; 10xxxxxx
                  
                  .SER_CR = 0x80 ; Write
                  ; 7 - CR7 Receive Interrupt Enable
                  ; 6 - CR6   +-- Transmitter Control Bits
                  ; 5 - CR5   +   00=RTSlow_TXIoff, 01=RTSlow_TXIon, 10=RTShigh_TXIoff, 11=RTSlow_TXIoff_BRK
                  ; 4 - CR4     +
                  ; 3 - CR3     +-- Word select : 000=7E2, 001=7O2, 010=7E1, 011=7O1
                  ; 2 - CR2     +                 100=8N2, 101=8N1, 110=8E1, 111=8O1
                  ; 1 - CR1       +-- Counter divide
                  ; 0 - CR0       +   00=By1, 01=By16, 10=By64, 11=MasterReset
                  .SER_CR_BY_1  = 0b0_00_000_00
                  .SER_CR_BY_16 = 0b0_00_000_01
                  .SER_CR_BY_64 = 0b0_00_000_10 ; Use this for RC2014 board
                  .SER_CR_RESET = 0b0_00_000_11
                  ;
                  .SER_CR_7E2 = 0b0_00_000_00
                  .SER_CR_7O2 = 0b0_00_001_00
                  .SER_CR_7E1 = 0b0_00_010_00
                  .SER_CR_7O1 = 0b0_00_011_00
                  .SER_CR_8N2 = 0b0_00_100_00
                  .SER_CR_8N1 = 0b0_00_101_00
                  .SER_CR_8E1 = 0b0_00_110_00
                  .SER_CR_8O2 = 0b0_00_111_00
                  ;
                  .SER_CR_RTSlow_TXIoff     = 0b0_00_000_00
                  .SER_CR_RTSlow_TXIon      = 0b0_00_000_01
                  .SER_CR_RTShigh_TXIoff    = 0b0_00_000_10
                  .SER_CR_RTSlow_TXIoff_BRK = 0b0_00_000_11
                  ;
                  .SER_CR_RXI_Enable = 0b1_00_000_00
                  
                  .SER_SR = 0x80 ; Read
                  ;  7 - IRQ  State of IRQ output (1 if interrupt is triggered). Clear by reading RX or writing TX.
                  ;  6 - PE   Parity Error flag
                  ;  5 - OVRN Receiver Overrun error flag
                  ;  4 - FE   Framing Error
                  ;  3 - CTS  Clear to Send
                  ;  2 - DCD  Data Carrier Detect
                  ;  1 - TDRE Transmit Data Register Empty
                  ;  0 - RDFR Receive Data Register Full
                  .SER_SR_RDFR = 0b00000001
                  .SER_SR_TDRE = 0b00000010
                  .SER_SR_DCD  = 0b00000100
                  .SER_SR_CTS  = 0b00001000
                  .SER_SR_FE   = 0b00010000
                  .SER_SR_OVRN = 0b00100000
                  .SER_SR_PE   = 0b01000000
                  .SER_SR_IRQ  = 0b10000000
                  
                  ; TX/RX data
                  
                  .SER_TX = 0x81 ; Write
                  .SER_RX = 0x81 ; Read
                  
                  ; Simple echo program. Read a character and write back
                  ; the character+1.
                  
                  ; 0x0000:  ; Start of ROM
                  0x8000:    ; Start of RAM
                  
8000: 31 00 00         LD        SP,0        ; Backs up to FFFE,FFFF
8003: CD 11 80         CALL      initSerial  ; Initialize the serial
                  mainLoop:
8006: CD 20 80         CALL      getChar     ; Read a character
8009: C6 01            ADD       1           ; Add one (proof we did something)
800B: CD 29 80         CALL      sendChar    ; Echo back
800E: C3 06 80         JP        mainLoop    ; Forever
                  
                  ; Needs serial.asm
                  
                  initSerial:
8011: 3E 03            LD        A,SER_CR_RESET               ; Master reset ...
8013: D3 80            OUT       (SER_CR),A                   ; ... the 6850
8015: 06 00            LD        B,0                          ; (Delay may not be needed)
                  initWait1:
8017: 10 FE            DJNZ      initWait1                    ; Short delay (may not be needed)
8019: 3E 16            LD        A,SER_CR_BY_64 | SER_CR_8N1  ; 8N1 at 115200
801B: D3 80            OUT       (SER_CR),A                   ; Set the serial protocol
                  initWait2:
801D: 10 FE            DJNZ      initWait2                    ; Short delay (may not be needed)
801F: C9               RET
                  
                  getChar:
                  ; Wait for a character from the input.
                  ; Return it in A
                  getChar_wait:
8020: DB 80            IN        A,(SER_CR)      ; Data ready ...
8022: E6 01            AND       SER_SR_RDFR     ; ... to be read?
8024: 28 FA            JR        Z,getChar_wait  ; 0=No ... wait for data
8026: DB 81            IN        A,(SER_RX)      ; Read the data
8028: C9               RET
                  
                  sendChar:
                  ; Wait for buffer to clear.
                  ; Send character in A
8029: 47               LD        B,A             ; We need A for I/O
                  sendChar_wait:
802A: DB 80            IN        A,(SER_CR)      ; Buffer is ready ...
802C: E6 02            AND       SER_SR_TDRE     ; ... for new data?
802E: CA 2A 80         JP        Z,sendChar_wait ; 0=No ... wait for ready
8031: 78               LD        A,B             ; Back to A for I/O
8032: D3 81            OUT       (SER_TX),A      ; Write the data
8034: C9               RET
